# ####################################################################
# # This file is managed by Puppet. Any changes will be overwritten. #
# ####################################################################

# The address on the local server to listen to.
KUBE_API_ADDRESS="--insecure-bind-address=127.0.0.1 --bind-address=0.0.0.0"

# The port on the local server to listen on.
KUBE_API_PORT="--insecure-port=8080 --secure-port=6443"

# Comma separated list of nodes in the etcd cluster
KUBE_ETCD_SERVERS="--etcd-servers=https://etcd01.test:2379,https://etcd02.test:2379,https://etcd03.test:2379"

# Address range to use for services
KUBE_SERVICE_ADDRESSES="--service-cluster-ip-range=10.254.0.0/16"

# Other options
KUBE_API_ARGS="--etcd-certfile=/etc/pki/simp_apps/simp_kubernetes/x509/private/etcd01.test.pem --etcd-keyfile=/etc/pki/simp_apps/simp_kubernetes/x509/private/etcd01.test.pem --etcd-cafile=/etc/pki/simp_apps/simp_kubernetes/x509/cacerts/cacerts.pem --tls-cert-file=/etc/pki/simp_apps/simp_kubernetes/x509/private/etcd01.test.pem --tls-private-key-file=/etc/pki/simp_apps/simp_kubernetes/x509/private/etcd01.test.pem --tls-ca-file=/etc/pki/simp_apps/simp_kubernetes/x509/cacerts/cacerts.pem --kubelet-https=true --kubelet-client-certificate=/etc/pki/simp_apps/simp_kubernetes/x509/private/etcd01.test.pem --kubelet-client-key=/etc/pki/simp_apps/simp_kubernetes/x509/private/etcd01.test.pem --kubelet-certificate-authority=/etc/pki/simp_apps/simp_kubernetes/x509/cacerts/cacerts.pem --max-pods=10 --log-flush-frequency=15"
