# ####################################################################
# # This file is managed by Puppet. Any changes will be overwritten. #
# ####################################################################

# Comma separated list of nodes in the etcd cluster
KUBE_MASTER="--master=https://kube01.test:6443,https://kube02.test:6443"

# Should this cluster be allowed to run privileged docker containers
KUBE_ALLOW_PRIV="--allow-privileged=false"

# logging to stderr means we get it in the systemd journal
KUBE_LOGTOSTDERR="--logtostderr=true"

# journal message level, 0 is debug
KUBE_LOG_LEVEL="--v=2"

# Add your own!
KUBE_API_ARGS="--etcd-certfile=/etc/pki/simp_apps/simp_kubernetes/x509/private/etcd01.test.pem --etcd-keyfile=/etc/pki/simp_apps/simp_kubernetes/x509/private/etcd01.test.pem --etcd-cafile=/etc/pki/simp_apps/simp_kubernetes/x509/cacerts/cacerts.pem --tls-cert-file=/etc/pki/simp_apps/simp_kubernetes/x509/private/etcd01.test.pem --tls-private-key-file=/etc/pki/simp_apps/simp_kubernetes/x509/private/etcd01.test.pem --tls-ca-file=/etc/pki/simp_apps/simp_kubernetes/x509/cacerts/cacerts.pem --kubelet-https=true --kubelet-client-certificate=/etc/pki/simp_apps/simp_kubernetes/x509/private/etcd01.test.pem --kubelet-client-key=/etc/pki/simp_apps/simp_kubernetes/x509/private/etcd01.test.pem --kubelet-certificate-authority=/etc/pki/simp_apps/simp_kubernetes/x509/cacerts/cacerts.pem"
