# ####################################################################
# # This file is managed by Puppet. Any changes will be overwritten. #
# ####################################################################

# The following values are used to configure the kubernetes controller-manager

# defaults from config and apiserver should be adequate

# Add your own!
KUBE_CONTROLLER_MANAGER_ARGS="--kubeconfig=/etc/kubernetes/controller-manager.kubeconfig"
