# ####################################################################
# # This file is managed by Puppet. Any changes will be overwritten. #
# ####################################################################

# kubernetes scheduler config

# default config should be adequate

# Add your own!
KUBE_SCHEDULER_ARGS="--kubeconfig=/etc/kubernetes/scheduler.kubeconfig"
